
> electron-vue-app@0.1.0 test
> vitest run


[1m[46m RUN [49m[22m [36mv4.0.6 [39m[90m/home/engine/project[39m

 [32m✓[39m src/main/services/process-manager.test.ts [2m([22m[2m25 tests[22m[2m)[22m[33m 543[2mms[22m[39m
 [32m✓[39m src/main/repository/command-repository.test.ts [2m([22m[2m24 tests[22m[2m)[22m[33m 612[2mms[22m[39m
 [32m✓[39m src/main/ipc/process-handlers.test.ts [2m([22m[2m9 tests[22m[2m)[22m[33m 326[2mms[22m[39m
 [32m✓[39m src/main/repository/project-repository.test.ts [2m([22m[2m19 tests[22m[2m)[22m[33m 479[2mms[22m[39m
 [32m✓[39m src/main/validation/validators.test.ts [2m([22m[2m16 tests[22m[2m)[22m[32m 8[2mms[22m[39m

[2m Test Files [22m [1m[32m5 passed[39m[22m[90m (5)[39m
[2m      Tests [22m [1m[32m93 passed[39m[22m[90m (93)[39m
[2m   Start at [22m 14:58:55
[2m   Duration [22m 3.21s[2m (transform 277ms, setup 0ms, collect 587ms, tests 1.97s, environment 1ms, prepare 58ms)[22m

